// Jest Snapshot v1, https://goo.gl/fbAQLP

exports[`BaseComponent Tests 1`] = `null`;
